123
4294967296
4294967297
18446744073709551616
18446744073709551617
30414093201713378043612608166064768844377641568960512000000000000
(error "/: division by zero")
-77
-5
0
0
0
#true
(error "/: division by zero")
