(Zero)
(Succ (Zero))
(Succ (Zero))
(Succ (Succ (Zero)))
(Succ (Succ (Succ (Zero))))
(Succ (Succ (Succ (Succ (Succ (Zero))))))
(Succ (Succ (Succ (Succ (Succ (Succ (Succ (Succ (Zero)))))))))
"yay"
