32
65
" "
"A"
(error "ord: expected a character")
2
"\0"
0
(error "chr: expected an ASCII integer")
"\u{1}"
"\u{6}"