(Derp)
Derp
(Derp)
Derp
"renamed constructors are patterns too"
"computed constructors are patterns too"
(error "Derp: expected 0 arguments, but got 1")
Triple
(error "Triple: expected 3 arguments, but got 0")
(Triple "a" 3 (Derp))
(Triple Derp f Triple)
(error "Triple: has 3 fields, but pattern has 0")
